{
    "output_field_coverage": {
        "/networks": {
            "count": 1
        },
        "/networks/id": {
            "count": 1
        },
        "/networks/name": {
            "count": 1
        },
        "/networks/nodes": {
            "count": 1
        },
        "/networks/nodes/id": {
            "count": 2
        },
        "/networks/nodes/name": {
            "count": 2
        },
        "/networks/nodes/physicalInfrastructureProvider": {
            "count": 2
        },
        "/networks/nodes/physicalInfrastructureProvider/id": {
            "count": 2
        },
        "/networks/nodes/physicalInfrastructureProvider/name": {
            "count": 2
        },
        "/networks/nodes/networkProvider": {
            "count": 2
        },
        "/networks/nodes/networkProvider/id": {
            "count": 2
        },
        "/networks/nodes/networkProvider/name": {
            "count": 2
        },
        "/networks/nodes/location": {
            "count": 2
        },
        "/networks/nodes/location/type": {
            "count": 2
        },
        "/networks/nodes/location/coordinates": {
            "count": 2
        },
        "/networks/nodes/status": {
            "count": 1
        },
        "/networks/spans": {
            "count": 1
        },
        "/networks/spans/id": {
            "count": 1
        },
        "/networks/spans/name": {
            "count": 1
        },
        "/networks/spans/start": {
            "count": 1
        },
        "/networks/spans/end": {
            "count": 1
        },
        "/networks/spans/physicalInfrastructureProvider": {
            "count": 1
        },
        "/networks/spans/physicalInfrastructureProvider/id": {
            "count": 1
        },
        "/networks/spans/physicalInfrastructureProvider/name": {
            "count": 1
        },
        "/networks/spans/networkProvider": {
            "count": 1
        },
        "/networks/spans/networkProvider/id": {
            "count": 1
        },
        "/networks/spans/networkProvider/name": {
            "count": 1
        },
        "/networks/spans/route": {
            "count": 1
        },
        "/networks/spans/route/type": {
            "count": 1
        },
        "/networks/spans/route/coordinates": {
            "count": 1
        },
        "/networks/organisations": {
            "count": 1
        },
        "/networks/organisations/id": {
            "count": 2
        },
        "/networks/organisations/name": {
            "count": 2
        },
        "/networks/organisations/country": {
            "count": 2
        }
    },
    "inconsistent_phases_by_network_id": {},
    "inconsistent_organisations_by_network_id": {},
    "inconsistent_network_ids": []
}