{
    "output_field_coverage": {
        "/networks": {
            "count": 1
        },
        "/networks/id": {
            "count": 1
        },
        "/networks/name": {
            "count": 1
        },
        "/networks/contracts": {
            "count": 1
        },
        "/networks/contracts/id": {
            "count": 1
        },
        "/networks/contracts/title": {
            "count": 1
        },
        "/networks/contracts/description": {
            "count": 1
        },
        "/networks/contracts/relatedPhases": {
            "count": 1
        },
        "/networks/contracts/relatedPhases/id": {
            "count": 1
        },
        "/networks/nodes": {
            "count": 1
        },
        "/networks/nodes/id": {
            "count": 2
        },
        "/networks/nodes/name": {
            "count": 2
        },
        "/networks/nodes/phase": {
            "count": 2
        },
        "/networks/nodes/phase/id": {
            "count": 2
        },
        "/networks/nodes/location": {
            "count": 2
        },
        "/networks/nodes/location/type": {
            "count": 2
        },
        "/networks/nodes/location/coordinates": {
            "count": 2
        },
        "/networks/nodes/status": {
            "count": 1
        },
        "/networks/spans": {
            "count": 1
        },
        "/networks/spans/id": {
            "count": 1
        },
        "/networks/spans/name": {
            "count": 1
        },
        "/networks/spans/start": {
            "count": 1
        },
        "/networks/spans/end": {
            "count": 1
        },
        "/networks/spans/phase": {
            "count": 1
        },
        "/networks/spans/phase/id": {
            "count": 1
        },
        "/networks/spans/route": {
            "count": 1
        },
        "/networks/spans/route/type": {
            "count": 1
        },
        "/networks/spans/route/coordinates": {
            "count": 1
        },
        "/networks/phases": {
            "count": 1
        },
        "/networks/phases/id": {
            "count": 1
        },
        "/networks/phases/name": {
            "count": 1
        },
        "/networks/phases/description": {
            "count": 1
        }
    },
    "inconsistent_phases_by_network_id": {},
    "inconsistent_organisations_by_network_id": {}
}