[
    {
        "type": "span_end_node_not_found",
        "missing_node_id": "2467",
        "span_id": "1",
        "path": "/networks/0/spans/0/end",
        "network_id": "a096d627-72e1-4f9b-b129-951b1737bff4"
    }
]
