[
    {
        "type": "node_organisation_reference_id_not_found",
        "node_id": "1",
        "field": "physicalInfrastructureProvider",
        "network_id": "a096d627-72e1-4f9b-b129-951b1737bff4"
    },
    {
        "type": "node_organisation_reference_id_not_found",
        "node_id": "1",
        "field": "networkProvider",
        "network_id": "a096d627-72e1-4f9b-b129-951b1737bff4"
    },
    {
        "type": "span_organisation_reference_id_not_found",
        "span_id": "1",
        "field": "physicalInfrastructureProvider",
        "network_id": "a096d627-72e1-4f9b-b129-951b1737bff4"
    },
    {
        "type": "span_organisation_reference_id_not_found",
        "span_id": "1",
        "field": "networkProvider",
        "network_id": "a096d627-72e1-4f9b-b129-951b1737bff4"
    },
    {
        "type": "span_organisation_reference_id_not_found",
        "span_id": "1",
        "field": "supplier",
        "network_id": "a096d627-72e1-4f9b-b129-951b1737bff4"
    },
    {
        "type": "phase_organisation_reference_id_not_found",
        "phase_id": "1",
        "network_id": "a096d627-72e1-4f9b-b129-951b1737bff4"
    }
]
