[
    {
        "type": "node_phase_reference_name_set_but_not_in_original",
        "node_id": "1",
        "network_id": "a096d627-72e1-4f9b-b129-951b1737bff4"
    },
    {
        "type": "node_phase_reference_name_set_but_not_in_original",
        "node_id": "2",
        "network_id": "a096d627-72e1-4f9b-b129-951b1737bff4"
    },
    {
        "type": "span_phase_reference_name_set_but_not_in_original",
        "span_id": "1",
        "network_id": "a096d627-72e1-4f9b-b129-951b1737bff4"
    },
    {
        "type": "contract_related_phase_reference_name_set_but_not_in_original",
        "contract_id": "1",
        "network_id": "a096d627-72e1-4f9b-b129-951b1737bff4"
    }
]
