[
    {
        "type": "span_route_type_incorrect",
        "span_id": "1",
        "incorrect_type": "Point",
        "network_id": "a096d627-72e1-4f9b-b129-951b1737bff4"
    }
]
