[
    {
        "type": "span_start_node_not_found",
        "missing_node_id": "167",
        "span_id": "1",
        "network_id": "a096d627-72e1-4f9b-b129-951b1737bff4"
    }
]
