[
    {
        "type": "duplicate_node_id",
        "node_id": "2",
        "path": "/networks/0/nodes/1/id",
        "network_id": "a096d627-72e1-4f9b-b129-951b1737bff4"
    },
    {
        "type": "duplicate_node_id",
        "node_id": "2",
        "path": "/networks/0/nodes/2/id",
        "network_id": "a096d627-72e1-4f9b-b129-951b1737bff4"
    },
    {
        "type": "duplicate_node_id",
        "node_id": "2",
        "path": "/networks/0/nodes/3/id",
        "network_id": "a096d627-72e1-4f9b-b129-951b1737bff4"
    },
    {
        "type": "duplicate_span_id",
        "span_id": "1",
        "path": "/networks/0/spans/0/id",
        "network_id": "a096d627-72e1-4f9b-b129-951b1737bff4"
    },
    {
        "type": "duplicate_span_id",
        "span_id": "1",
        "path": "/networks/0/spans/1/id",
        "network_id": "a096d627-72e1-4f9b-b129-951b1737bff4"
    },
    {
        "type": "duplicate_span_id",
        "span_id": "1",
        "path": "/networks/0/spans/2/id",
        "network_id": "a096d627-72e1-4f9b-b129-951b1737bff4"
    },
    {
        "type": "duplicate_phase_id",
        "phase_id": "2",
        "path": "/networks/0/phases/0/id",
        "network_id": "a096d627-72e1-4f9b-b129-951b1737bff4"
    },
    {
        "type": "duplicate_phase_id",
        "phase_id": "2",
        "path": "/networks/0/phases/1/id",
        "network_id": "a096d627-72e1-4f9b-b129-951b1737bff4"
    },
    {
        "type": "duplicate_phase_id",
        "phase_id": "2",
        "path": "/networks/0/phases/2/id",
        "network_id": "a096d627-72e1-4f9b-b129-951b1737bff4"
    },
    {
        "type": "duplicate_organisation_id",
        "organisation_id": "2",
        "path": "/networks/0/organisations/0/id",
        "network_id": "a096d627-72e1-4f9b-b129-951b1737bff4"
    },
    {
        "type": "duplicate_organisation_id",
        "organisation_id": "2",
        "path": "/networks/0/organisations/1/id",
        "network_id": "a096d627-72e1-4f9b-b129-951b1737bff4"
    },
    {
        "type": "duplicate_organisation_id",
        "organisation_id": "2",
        "path": "/networks/0/organisations/2/id",
        "network_id": "a096d627-72e1-4f9b-b129-951b1737bff4"
    },
    {
        "type": "duplicate_contract_id",
        "contract_id": "2",
        "path": "/networks/0/contracts/0/id",
        "network_id": "a096d627-72e1-4f9b-b129-951b1737bff4"
    },
    {
        "type": "duplicate_contract_id",
        "contract_id": "2",
        "path": "/networks/0/contracts/1/id",
        "network_id": "a096d627-72e1-4f9b-b129-951b1737bff4"
    },
    {
        "type": "duplicate_contract_id",
        "contract_id": "2",
        "path": "/networks/0/contracts/2/id",
        "network_id": "a096d627-72e1-4f9b-b129-951b1737bff4"
    }
]
