[
    {
        "message": "'1' is not a 'uuid'",
        "path": [
            "networks",
            0,
            "id"
        ],
        "schema_path": [
            "properties",
            "networks",
            "items",
            "properties",
            "id",
            "format"
        ],
        "validator": "format",
        "data_ids": {
            "network_id": "1"
        },
        "validator_value": "uuid",
        "context": [],
        "instance": "1"
    }
]
